{"synthetic": false,
 "schemaVersion": "2025-09-10",
 "outputs":
 {"o": ["6e222900ebb20ddc.olean"],
  "i": "83563d853f9e2d33.ilean",
  "c": "195d01efbc7dfdb8.c"},
 "log":
 [{"message":
   ".> LEAN_PATH=C:\\Users\\HP\\Desktop\\Lean4\\GlimpseOfLean-Cheenta\\.lake\\packages\\Cli\\.lake\\build\\lib\\lean;C:\\Users\\HP\\Desktop\\Lean4\\GlimpseOfLean-Cheenta\\.lake\\packages\\batteries\\.lake\\build\\lib\\lean;C:\\Users\\HP\\Desktop\\Lean4\\GlimpseOfLean-Cheenta\\.lake\\packages\\Qq\\.lake\\build\\lib\\lean;C:\\Users\\HP\\Desktop\\Lean4\\GlimpseOfLean-Cheenta\\.lake\\packages\\aesop\\.lake\\build\\lib\\lean;C:\\Users\\HP\\Desktop\\Lean4\\GlimpseOfLean-Cheenta\\.lake\\packages\\proofwidgets\\.lake\\build\\lib\\lean;C:\\Users\\HP\\Desktop\\Lean4\\GlimpseOfLean-Cheenta\\.lake\\packages\\importGraph\\.lake\\build\\lib\\lean;C:\\Users\\HP\\Desktop\\Lean4\\GlimpseOfLean-Cheenta\\.lake\\packages\\LeanSearchClient\\.lake\\build\\lib\\lean;C:\\Users\\HP\\Desktop\\Lean4\\GlimpseOfLean-Cheenta\\.lake\\packages\\plausible\\.lake\\build\\lib\\lean;C:\\Users\\HP\\Desktop\\Lean4\\GlimpseOfLean-Cheenta\\.lake\\packages\\mathlib\\.lake\\build\\lib\\lean;C:\\Users\\HP\\Desktop\\Lean4\\GlimpseOfLean-Cheenta\\.lake\\build\\lib\\lean c:\\Users\\HP\\.elan\\toolchains\\leanprover--lean4---v4.27.0\\bin\\lean.exe C:\\Users\\HP\\Desktop\\Lean4\\GlimpseOfLean-Cheenta\\Cheenta_Proofs\\BasicLemmasforCD.lean -o C:\\Users\\HP\\Desktop\\Lean4\\GlimpseOfLean-Cheenta\\.lake\\build\\lib\\lean\\Cheenta_Proofs\\BasicLemmasforCD.olean -i C:\\Users\\HP\\Desktop\\Lean4\\GlimpseOfLean-Cheenta\\.lake\\build\\lib\\lean\\Cheenta_Proofs\\BasicLemmasforCD.ilean -c C:\\Users\\HP\\Desktop\\Lean4\\GlimpseOfLean-Cheenta\\.lake\\build\\ir\\Cheenta_Proofs\\BasicLemmasforCD.c --setup C:\\Users\\HP\\Desktop\\Lean4\\GlimpseOfLean-Cheenta\\.lake\\build\\ir\\Cheenta_Proofs\\BasicLemmasforCD.setup.json --json",
   "level": "trace"}],
 "inputs":
 [["Cheenta_Proofs.BasicLemmasforCD:deps",
   [["deps",
     [["glimpseOfLean/Cheenta_Proofs:extraDep",
       [["@glimpseOfLean:extraDep", "00000000000006bb"]]],
      ["imports",
       [["Mathlib.Topology.Basic transitive imports (legacy)",
         "29c0e2091c1ff6ee"],
        ["Mathlib.Topology.Basic:importAllArts", "b9cc8a600727e092"],
        ["Mathlib.Topology.Compactness.Paracompact transitive imports (legacy)",
         "177cc900d0d50e69"],
        ["Mathlib.Topology.Compactness.Paracompact:importAllArts",
         "48d8f3008d331ada"],
        ["Mathlib.Data.Fintype.Card transitive imports (legacy)",
         "cb29bcc909f6d15d"],
        ["Mathlib.Data.Fintype.Card:importAllArts", "56ca565ee446728b"],
        ["Mathlib.Topology.Connected.Clopen transitive imports (legacy)",
         "77674ad6cad622e8"],
        ["Mathlib.Topology.Connected.Clopen:importAllArts", "3ba15fbd8163c09f"],
        ["Mathlib.Topology.Order.IntermediateValue transitive imports (legacy)",
         "2c0493c8e8923404"],
        ["Mathlib.Topology.Order.IntermediateValue:importAllArts",
         "70f1bdd5ba3d4e2d"],
        ["Mathlib.Data.Real.Basic transitive imports (legacy)",
         "c090838b0d25a0db"],
        ["Mathlib.Data.Real.Basic:importAllArts", "6173f4230532096c"],
        ["Mathlib.Topology.Sets.OpenCover transitive imports (legacy)",
         "5445c59ac9a6352f"],
        ["Mathlib.Topology.Sets.OpenCover:importAllArts",
         "e2bd41161bd86521"]]]]],
    ["libs",
     [["import dynlibs", "00000000000006bb"],
      ["package external libraries", "00000000000006bb"],
      ["module dynlibs", "00000000000006bb"],
      ["module plugins", "00000000000006bb"]]]]],
  ["Lean 4.27.0, commit db93fe1608548721853390a10cd40580fe7d22ae",
   "9a2be90fd35343e5"],
  ["C:\\Users\\HP\\Desktop\\Lean4\\GlimpseOfLean-Cheenta\\Cheenta_Proofs\\BasicLemmasforCD.lean",
   "e4540338088c9fe6"],
  ["options",
   [["-Dpp.unicode.fun=true", "9b94070140457fab"],
    ["-DautoImplicit=true", "ce2576f7641d928a"]]],
  ["Module.leanArgs: #[]", "00000000000006bb"]],
 "depHash": "9402fb94624c758e"}