{"synthetic": false,
 "schemaVersion": "2025-09-10",
 "outputs":
 {"o": ["82789b1c611f0585.olean"],
  "i": "c1fa2b302b685c60.ilean",
  "c": "8c08d4ef48d8b56b.c"},
 "log":
 [{"message":
   ".> LEAN_PATH=C:\\Users\\niran\\Desktop\\GlimpseOfLean-Cheenta\\.lake\\packages\\Cli\\.lake\\build\\lib\\lean;C:\\Users\\niran\\Desktop\\GlimpseOfLean-Cheenta\\.lake\\packages\\batteries\\.lake\\build\\lib\\lean;C:\\Users\\niran\\Desktop\\GlimpseOfLean-Cheenta\\.lake\\packages\\Qq\\.lake\\build\\lib\\lean;C:\\Users\\niran\\Desktop\\GlimpseOfLean-Cheenta\\.lake\\packages\\aesop\\.lake\\build\\lib\\lean;C:\\Users\\niran\\Desktop\\GlimpseOfLean-Cheenta\\.lake\\packages\\proofwidgets\\.lake\\build\\lib\\lean;C:\\Users\\niran\\Desktop\\GlimpseOfLean-Cheenta\\.lake\\packages\\importGraph\\.lake\\build\\lib\\lean;C:\\Users\\niran\\Desktop\\GlimpseOfLean-Cheenta\\.lake\\packages\\LeanSearchClient\\.lake\\build\\lib\\lean;C:\\Users\\niran\\Desktop\\GlimpseOfLean-Cheenta\\.lake\\packages\\plausible\\.lake\\build\\lib\\lean;C:\\Users\\niran\\Desktop\\GlimpseOfLean-Cheenta\\.lake\\packages\\mathlib\\.lake\\build\\lib\\lean;C:\\Users\\niran\\Desktop\\GlimpseOfLean-Cheenta\\.lake\\build\\lib\\lean c:\\Users\\niran\\.elan\\toolchains\\leanprover--lean4---v4.27.0\\bin\\lean.exe C:\\Users\\niran\\Desktop\\GlimpseOfLean-Cheenta\\Cheenta_Proofs\\Covering_Dimension.lean -o C:\\Users\\niran\\Desktop\\GlimpseOfLean-Cheenta\\.lake\\build\\lib\\lean\\Cheenta_Proofs\\Covering_Dimension.olean -i C:\\Users\\niran\\Desktop\\GlimpseOfLean-Cheenta\\.lake\\build\\lib\\lean\\Cheenta_Proofs\\Covering_Dimension.ilean -c C:\\Users\\niran\\Desktop\\GlimpseOfLean-Cheenta\\.lake\\build\\ir\\Cheenta_Proofs\\Covering_Dimension.c --setup C:\\Users\\niran\\Desktop\\GlimpseOfLean-Cheenta\\.lake\\build\\ir\\Cheenta_Proofs\\Covering_Dimension.setup.json --json",
   "level": "trace"}],
 "inputs":
 [["Cheenta_Proofs.Covering_Dimension:deps",
   [["deps",
     [["glimpseOfLean/Cheenta_Proofs:extraDep",
       [["@glimpseOfLean:extraDep", "00000000000006bb"]]],
      ["imports",
       [["Mathlib.Data.Option.Basic transitive imports (legacy)",
         "168751d65ea83084"],
        ["Mathlib.Data.Option.Basic:importAllArts", "03c2ff44d10acab1"],
        ["Mathlib.Topology.Separation.Regular transitive imports (legacy)",
         "beb363fb4c1152e0"],
        ["Mathlib.Topology.Separation.Regular:importAllArts",
         "b69038281100d173"],
        ["Mathlib.Topology.Constructions transitive imports (legacy)",
         "dff11e6831c106e4"],
        ["Mathlib.Topology.Constructions:importAllArts", "3d879d5664195af8"],
        ["Mathlib.Topology.Sets.OpenCover transitive imports (legacy)",
         "5445c59ac9a6352f"],
        ["Mathlib.Topology.Sets.OpenCover:importAllArts", "e2bd41161bd86521"],
        ["Cheenta_Proofs.BasicLemmasforCD transitive imports (legacy)",
         "bea92d0f82afd7c0"],
        ["Cheenta_Proofs.BasicLemmasforCD:importAllArts",
         "281f30d14861e555"]]]]],
    ["libs",
     [["import dynlibs", "00000000000006bb"],
      ["package external libraries", "00000000000006bb"],
      ["module dynlibs", "00000000000006bb"],
      ["module plugins", "00000000000006bb"]]]]],
  ["Lean 4.27.0, commit db93fe1608548721853390a10cd40580fe7d22ae",
   "9a2be90fd35343e5"],
  ["C:\\Users\\niran\\Desktop\\GlimpseOfLean-Cheenta\\Cheenta_Proofs\\Covering_Dimension.lean",
   "4f441f81b4339dee"],
  ["options",
   [["-Dpp.unicode.fun=true", "9b94070140457fab"],
    ["-DautoImplicit=true", "ce2576f7641d928a"]]],
  ["Module.leanArgs: #[]", "00000000000006bb"]],
 "depHash": "cc05d229a735bf8b"}