{"synthetic": false,
 "schemaVersion": "2025-09-10",
 "outputs":
 {"o": ["ae3ab3c5f64b7813.olean"],
  "i": "e05b59465c07fd3b.ilean",
  "c": "1844dba169621f36.c"},
 "log":
 [{"message":
   ".> LEAN_PATH=C:\\Users\\niran\\Desktop\\GlimpseOfLean-Cheenta\\.lake\\packages\\Cli\\.lake\\build\\lib\\lean;C:\\Users\\niran\\Desktop\\GlimpseOfLean-Cheenta\\.lake\\packages\\batteries\\.lake\\build\\lib\\lean;C:\\Users\\niran\\Desktop\\GlimpseOfLean-Cheenta\\.lake\\packages\\Qq\\.lake\\build\\lib\\lean;C:\\Users\\niran\\Desktop\\GlimpseOfLean-Cheenta\\.lake\\packages\\aesop\\.lake\\build\\lib\\lean;C:\\Users\\niran\\Desktop\\GlimpseOfLean-Cheenta\\.lake\\packages\\proofwidgets\\.lake\\build\\lib\\lean;C:\\Users\\niran\\Desktop\\GlimpseOfLean-Cheenta\\.lake\\packages\\importGraph\\.lake\\build\\lib\\lean;C:\\Users\\niran\\Desktop\\GlimpseOfLean-Cheenta\\.lake\\packages\\LeanSearchClient\\.lake\\build\\lib\\lean;C:\\Users\\niran\\Desktop\\GlimpseOfLean-Cheenta\\.lake\\packages\\plausible\\.lake\\build\\lib\\lean;C:\\Users\\niran\\Desktop\\GlimpseOfLean-Cheenta\\.lake\\packages\\mathlib\\.lake\\build\\lib\\lean;C:\\Users\\niran\\Desktop\\GlimpseOfLean-Cheenta\\.lake\\build\\lib\\lean c:\\Users\\niran\\.elan\\toolchains\\leanprover--lean4---v4.27.0\\bin\\lean.exe C:\\Users\\niran\\Desktop\\GlimpseOfLean-Cheenta\\Cheenta_Proofs\\Dim0_iff_Clopen.lean -o C:\\Users\\niran\\Desktop\\GlimpseOfLean-Cheenta\\.lake\\build\\lib\\lean\\Cheenta_Proofs\\Dim0_iff_Clopen.olean -i C:\\Users\\niran\\Desktop\\GlimpseOfLean-Cheenta\\.lake\\build\\lib\\lean\\Cheenta_Proofs\\Dim0_iff_Clopen.ilean -c C:\\Users\\niran\\Desktop\\GlimpseOfLean-Cheenta\\.lake\\build\\ir\\Cheenta_Proofs\\Dim0_iff_Clopen.c --setup C:\\Users\\niran\\Desktop\\GlimpseOfLean-Cheenta\\.lake\\build\\ir\\Cheenta_Proofs\\Dim0_iff_Clopen.setup.json --json",
   "level": "trace"}],
 "inputs":
 [["Cheenta_Proofs.Dim0_iff_Clopen:deps",
   [["deps",
     [["glimpseOfLean/Cheenta_Proofs:extraDep",
       [["@glimpseOfLean:extraDep", "00000000000006bb"]]],
      ["imports",
       [["Mathlib.Topology.Basic transitive imports (legacy)",
         "29c0e2091c1ff6ee"],
        ["Mathlib.Topology.Basic:importAllArts", "b9cc8a600727e092"],
        ["Mathlib.Topology.Separation.Regular transitive imports (legacy)",
         "beb363fb4c1152e0"],
        ["Mathlib.Topology.Separation.Regular:importAllArts",
         "b69038281100d173"],
        ["Mathlib.Topology.Compactness.Paracompact transitive imports (legacy)",
         "177cc900d0d50e69"],
        ["Mathlib.Topology.Compactness.Paracompact:importAllArts",
         "48d8f3008d331ada"],
        ["Mathlib.Topology.Sets.OpenCover transitive imports (legacy)",
         "5445c59ac9a6352f"],
        ["Mathlib.Topology.Sets.OpenCover:importAllArts", "e2bd41161bd86521"],
        ["Mathlib.Topology.Connected.Clopen transitive imports (legacy)",
         "77674ad6cad622e8"],
        ["Mathlib.Topology.Connected.Clopen:importAllArts", "3ba15fbd8163c09f"],
        ["Cheenta_Proofs.BasicLemmasforCD transitive imports (legacy)",
         "bea92d0f82afd7c0"],
        ["Cheenta_Proofs.BasicLemmasforCD:importAllArts", "281f30d14861e555"],
        ["Cheenta_Proofs.Covering_Dimension transitive imports (legacy)",
         "1c868b934b33bce8"],
        ["Cheenta_Proofs.Covering_Dimension:importAllArts",
         "f4d8c97bf87a37b7"]]]]],
    ["libs",
     [["import dynlibs", "00000000000006bb"],
      ["package external libraries", "00000000000006bb"],
      ["module dynlibs", "00000000000006bb"],
      ["module plugins", "00000000000006bb"]]]]],
  ["Lean 4.27.0, commit db93fe1608548721853390a10cd40580fe7d22ae",
   "9a2be90fd35343e5"],
  ["C:\\Users\\niran\\Desktop\\GlimpseOfLean-Cheenta\\Cheenta_Proofs\\Dim0_iff_Clopen.lean",
   "fa7642deb997c8ae"],
  ["options",
   [["-Dpp.unicode.fun=true", "9b94070140457fab"],
    ["-DautoImplicit=true", "ce2576f7641d928a"]]],
  ["Module.leanArgs: #[]", "00000000000006bb"]],
 "depHash": "d7fe41e251608fd1"}